---
source: tests/snapshot/error_display.rs
expression: combined
---
workspace_not_found_empty: workspace not found:
config_invalid_empty: config invalid: field ``:
process_failed_empty_cmd: process failed: `` exited with code 0
invariant_violated_empty: invariant violated: ``:
io_error_empty: IO error:
serialization_failed_empty: serialization failed:
oracle_unavailable_empty: oracle unavailable:
evidence_invalid_empty: evidence invalid:
